[www.tdkea2.com/azlnmgmtpy/OUsP8s7uNv4vEIw/index9da1.html]
[doolloob.com/content/!common_files/js/acrum.min.js]
[doolloob.com/content/!common_files/js/placeholders.min.js]
[doolloob.com/content/!common_files/js/dr.js]
[doolloob.com/content/!common_files/js/order_me.js]
[doolloob.com/content/!common_files/js/dtime.js]
[doolloob.com/content/!common_files/css/order_me.css]
[backblue.gif]
[fade.gif]
[index.html]
[pix.user-clicks.com/js/pix_o_ea3eca5a7bb34ce8deb4fdf6904e8b45.js]
[doolloob.com/content/!common_files/js/jquery.min.js]
[doolloob.com/content/OUsP8s7uNv4vEIw/css/template.css]
[doolloob.com/content/OUsP8s7uNv4vEIw/css/font-awesome.min.css]
[doolloob.com/content/OUsP8s7uNv4vEIw/js/template.js]
[doolloob.com/content/OUsP8s7uNv4vEIw/css/main.css]
[doolloob.com/content/OUsP8s7uNv4vEIw/img/p1.jpg]
[doolloob.com/content/OUsP8s7uNv4vEIw/img/p2.png]
[doolloob.com/content/OUsP8s7uNv4vEIw/img/p3.jpg]
[doolloob.com/content/!common_files/js/moment-with-locales.min.js]
[doolloob.com/content/OUsP8s7uNv4vEIw/img/p4.jpg]
[doolloob.com/content/OUsP8s7uNv4vEIw/img/plat1.jpg]
[doolloob.com/content/OUsP8s7uNv4vEIw/img/plat2.jpg]
[doolloob.com/content/OUsP8s7uNv4vEIw/img/plat3.jpg]
[doolloob.com/content/OUsP8s7uNv4vEIw/img/plat4.jpg]
[doolloob.com/content/OUsP8s7uNv4vEIw/img/plat6.jpg]
[doolloob.com/content/OUsP8s7uNv4vEIw/img/06.png]
[doolloob.com/content/OUsP8s7uNv4vEIw/img/anastasia.jpg]
[doolloob.com/content/OUsP8s7uNv4vEIw/img/like.png]
[doolloob.com/content/OUsP8s7uNv4vEIw/img/mary.jpg]
[doolloob.com/content/OUsP8s7uNv4vEIw/img/angelica.jpg]
[doolloob.com/content/OUsP8s7uNv4vEIw/img/lisa.jpg]
[doolloob.com/content/OUsP8s7uNv4vEIw/img/hillary.jpg]
[doolloob.com/content/OUsP8s7uNv4vEIw/img/anna.jpg]
[doolloob.com/content/OUsP8s7uNv4vEIw/img/susan.jpg]
[doolloob.com/content/OUsP8s7uNv4vEIw/img/laura.jpg]
[doolloob.com/content/OUsP8s7uNv4vEIw/img/sarah.jpg]
[doolloob.com/content/OUsP8s7uNv4vEIw/img/pamela.jpg]
[doolloob.com/content/OUsP8s7uNv4vEIw/img/07.jpg]
[doolloob.com/content/OUsP8s7uNv4vEIw/img/s1.jpg]
[doolloob.com/content/OUsP8s7uNv4vEIw/img/s2.jpg]
[doolloob.com/content/OUsP8s7uNv4vEIw/img/s3.jpg]
[doolloob.com/content/OUsP8s7uNv4vEIw/img/s4.gif]
[doolloob.com/content/!common_files/js/js.cookie.js]
[www.google-analytics.com/analytics.js]
[www.tdkea2.com/azlnmgmtpy/OUsP8s7uNv4vEIw/index9da1.html]
[doolloob.com/content/!common_files/css/order_me.css]
[doolloob.com/content/OUsP8s7uNv4vEIw/css/reset.css]
[doolloob.com/content/OUsP8s7uNv4vEIw/css/template.css]
[doolloob.com/content/OUsP8s7uNv4vEIw/css/font-awesome.min.css]
[doolloob.com/content/OUsP8s7uNv4vEIw/css/main.css]
[doolloob.com/content/!common_files/js/validation.js]
[doolloob.com/content/OUsP8s7uNv4vEIw/css/reset.css]
